Archive member included to satisfy reference by file (symbol)

.pio\build\pro1MHzatmega328\libf8a\libSPI.a(SPI.cpp.o)
                              .pio\build\pro1MHzatmega328\src\main.cpp.o (symbol from plugin) (_ZN8SPIClass5beginEv)
.pio\build\pro1MHzatmega328\libf03\libMySensors.a(MyASM.S.o)
                              .pio\build\pro1MHzatmega328\src\main.cpp.o (symbol from plugin) (sha256_ctx2hash)
.pio\build\pro1MHzatmega328\lib5f9\libControllerMonitor.a(ControllerMonitor.cpp.o)
                              .pio\build\pro1MHzatmega328\src\main.cpp.o (symbol from plugin) (_ZN17ControllerMonitor5beginEj)
.pio\build\pro1MHzatmega328\lib224\libMySensorsParameters.a(MySensorsParameters.cpp.o)
                              .pio\build\pro1MHzatmega328\src\main.cpp.o (symbol from plugin) (_ZN17ParametersManager7requestEhhh)
.pio\build\pro1MHzatmega328\libac9\libDimmer.a(Dimmer.cpp.o)
                              .pio\build\pro1MHzatmega328\src\main.cpp.o (symbol from plugin) (_ZN11DimmerClass5beginEhh)
.pio\build\pro1MHzatmega328\lib453\libarduino-DHT.a(DHT.cpp.o)
                              .pio\build\pro1MHzatmega328\src\main.cpp.o (symbol from plugin) (_ZN3DHT5setupEhNS_11DHT_MODEL_tE)
.pio\build\pro1MHzatmega328\libFrameworkArduino.a(HardwareSerial.cpp.o)
                              .pio\build\pro1MHzatmega328\src\main.cpp.o (symbol from plugin) (_ZN14HardwareSerial5flushEv)
.pio\build\pro1MHzatmega328\libFrameworkArduino.a(HardwareSerial0.cpp.o)
                              .pio\build\pro1MHzatmega328\src\main.cpp.o (symbol from plugin) (Serial)
.pio\build\pro1MHzatmega328\libFrameworkArduino.a(Print.cpp.o)
                              HardwareSerial.cpp.o (symbol from plugin) (_ZN5Print5writeEPKhj)
.pio\build\pro1MHzatmega328\libFrameworkArduino.a(WInterrupts.c.o)
                              .pio\build\pro1MHzatmega328\src\main.cpp.o (symbol from plugin) (attachInterrupt)
.pio\build\pro1MHzatmega328\libFrameworkArduino.a(abi.cpp.o)
                              HardwareSerial0.cpp.o (symbol from plugin) (__cxa_pure_virtual)
.pio\build\pro1MHzatmega328\libFrameworkArduino.a(hooks.c.o)
                              .pio\build\pro1MHzatmega328\src\main.cpp.o (symbol from plugin) (yield)
.pio\build\pro1MHzatmega328\libFrameworkArduino.a(wiring.c.o)
                              .pio\build\pro1MHzatmega328\src\main.cpp.o (symbol from plugin) (millis)
.pio\build\pro1MHzatmega328\libFrameworkArduino.a(wiring_analog.c.o)
                              .pio\build\pro1MHzatmega328\src\main.cpp.o (symbol from plugin) (analogRead)
.pio\build\pro1MHzatmega328\libFrameworkArduino.a(wiring_digital.c.o)
                              .pio\build\pro1MHzatmega328\src\main.cpp.o (symbol from plugin) (pinMode)
c:/users/rik/.platformio/packages/toolchain-atmelavr/bin/../lib/gcc/avr/5.4.0/avr5\libgcc.a(_exit.o)
                              c:/users/rik/.platformio/packages/toolchain-atmelavr/bin/../lib/gcc/avr/5.4.0/../../../../avr/lib/avr5/crtatmega328p.o (exit)
c:/users/rik/.platformio/packages/toolchain-atmelavr/bin/../lib/gcc/avr/5.4.0/../../../../avr/lib/avr5\libc.a(dtostrf.o)
                              .pio\build\pro1MHzatmega328\src\main.cpp.o (symbol from plugin) (dtostrf)
c:/users/rik/.platformio/packages/toolchain-atmelavr/bin/../lib/gcc/avr/5.4.0/../../../../avr/lib/avr5\libc.a(malloc.o)
                              .pio\build\pro1MHzatmega328\src\main.cpp.o (symbol from plugin) (__brkval)
c:/users/rik/.platformio/packages/toolchain-atmelavr/bin/../lib/gcc/avr/5.4.0/../../../../avr/lib/avr5\libc.a(atof.o)
                              .pio\build\pro1MHzatmega328\src\main.cpp.o (symbol from plugin) (atof)
c:/users/rik/.platformio/packages/toolchain-atmelavr/bin/../lib/gcc/avr/5.4.0/../../../../avr/lib/avr5\libc.a(atoi.o)
                              .pio\build\pro1MHzatmega328\src\main.cpp.o (symbol from plugin) (atoi)
c:/users/rik/.platformio/packages/toolchain-atmelavr/bin/../lib/gcc/avr/5.4.0/../../../../avr/lib/avr5\libc.a(atol.o)
                              .pio\build\pro1MHzatmega328\src\main.cpp.o (symbol from plugin) (atol)
c:/users/rik/.platformio/packages/toolchain-atmelavr/bin/../lib/gcc/avr/5.4.0/../../../../avr/lib/avr5\libc.a(memcpy_P.o)
                              MySensorsParameters.cpp.o (symbol from plugin) (memcpy_P)
c:/users/rik/.platformio/packages/toolchain-atmelavr/bin/../lib/gcc/avr/5.4.0/../../../../avr/lib/avr5\libc.a(strlen_P.o)
                              .pio\build\pro1MHzatmega328\src\main.cpp.o (symbol from plugin) (__strlen_P)
c:/users/rik/.platformio/packages/toolchain-atmelavr/bin/../lib/gcc/avr/5.4.0/../../../../avr/lib/avr5\libc.a(strncpy_P.o)
                              .pio\build\pro1MHzatmega328\src\main.cpp.o (symbol from plugin) (strncpy_P)
c:/users/rik/.platformio/packages/toolchain-atmelavr/bin/../lib/gcc/avr/5.4.0/../../../../avr/lib/avr5\libc.a(itoa_ncheck.o)
[...]
Memory Configuration

Name             Origin             Length             Attributes
text             0x00000000         0x00020000         xr
data             0x00800060         0x0000ffa0         rw !x
eeprom           0x00810000         0x00010000         rw !x
fuse             0x00820000         0x00000003         rw !x
lock             0x00830000         0x00000400         rw !x
signature        0x00840000         0x00000400         rw !x
user_signatures  0x00850000         0x00000400         rw !x
*default*        0x00000000         0xffffffff

Linker script and memory map

Address of section .data set to 0x800100
LOAD c:/users/rik/.platformio/packages/toolchain-atmelavr/bin/../lib/gcc/avr/5.4.0/../../../../avr/lib/avr5/crtatmega328p.o
LOAD .pio\build\pro1MHzatmega328\src\main.cpp.o
LOAD C:\Users\Rik\AppData\Local\Temp\ccw3CAOt.ltrans0.ltrans.o
LOAD C:\Users\Rik\AppData\Local\Temp\ccw3CAOt.ltrans1.ltrans.o
LOAD C:\Users\Rik\AppData\Local\Temp\ccw3CAOt.ltrans2.ltrans.o
LOAD C:\Users\Rik\AppData\Local\Temp\ccw3CAOt.ltrans3.ltrans.o
LOAD C:\Users\Rik\AppData\Local\Temp\ccw3CAOt.ltrans4.ltrans.o
LOAD C:\Users\Rik\AppData\Local\Temp\ccw3CAOt.ltrans5.ltrans.o
LOAD C:\Users\Rik\AppData\Local\Temp\ccw3CAOt.ltrans6.ltrans.o
LOAD .pio\build\pro1MHzatmega328\src\timeout.cpp.o
START GROUP
LOAD .pio\build\pro1MHzatmega328\libe56\libWire.a
LOAD .pio\build\pro1MHzatmega328\lib26e\libEEPROM.a
LOAD .pio\build\pro1MHzatmega328\libf8a\libSPI.a
LOAD .pio\build\pro1MHzatmega328\libf03\libMySensors.a
LOAD .pio\build\pro1MHzatmega328\lib5f9\libControllerMonitor.a
LOAD .pio\build\pro1MHzatmega328\libb3b\libPROGMEM_readAnything.a
LOAD .pio\build\pro1MHzatmega328\lib224\libMySensorsParameters.a
LOAD .pio\build\pro1MHzatmega328\libac9\libDimmer.a
LOAD .pio\build\pro1MHzatmega328\lib453\libarduino-DHT.a
LOAD .pio\build\pro1MHzatmega328\libFrameworkArduinoVariant.a
LOAD .pio\build\pro1MHzatmega328\libFrameworkArduino.a
END GROUP
LOAD c:/users/rik/.platformio/packages/toolchain-atmelavr/bin/../lib/gcc/avr/5.4.0/avr5\libgcc.a
LOAD c:/users/rik/.platformio/packages/toolchain-atmelavr/bin/../lib/gcc/avr/5.4.0/../../../../avr/lib/avr5\libm.a
START GROUP
LOAD c:/users/rik/.platformio/packages/toolchain-atmelavr/bin/../lib/gcc/avr/5.4.0/avr5\libgcc.a
LOAD c:/users/rik/.platformio/packages/toolchain-atmelavr/bin/../lib/gcc/avr/5.4.0/../../../../avr/lib/avr5\libm.a
LOAD c:/users/rik/.platformio/packages/toolchain-atmelavr/bin/../lib/gcc/avr/5.4.0/../../../../avr/lib/avr5\libc.a
LOAD c:/users/rik/.platformio/packages/toolchain-atmelavr/bin/../lib/gcc/avr/5.4.0/../../../../avr/lib/avr5\libatmega328p.a
END GROUP
                0x00020000                __TEXT_REGION_LENGTH__ = DEFINED (__TEXT_REGION_LENGTH__)?__TEXT_REGION_LENGTH__:0x20000
                0x0000ffa0                __DATA_REGION_LENGTH__ = DEFINED (__DATA_REGION_LENGTH__)?__DATA_REGION_LENGTH__:0xffa0
                0x00010000                __EEPROM_REGION_LENGTH__ = DEFINED (__EEPROM_REGION_LENGTH__)?__EEPROM_REGION_LENGTH__:0x10000
                [0x00000003]                __FUSE_REGION_LENGTH__ = DEFINED (__FUSE_REGION_LENGTH__)?__FUSE_REGION_LENGTH__:0x400
                0x00000400                __LOCK_REGION_LENGTH__ = DEFINED (__LOCK_REGION_LENGTH__)?__LOCK_REGION_LENGTH__:0x400
                0x00000400                __SIGNATURE_REGION_LENGTH__ = DEFINED (__SIGNATURE_REGION_LENGTH__)?__SIGNATURE_REGION_LENGTH__:0x400
                0x00000400                __USER_SIGNATURE_REGION_LENGTH__ = DEFINED (__USER_SIGNATURE_REGION_LENGTH__)?__USER_SIGNATURE_REGION_LENGTH__:0x400

.hash
 *(.hash)

.dynsym
 *(.dynsym)

.dynstr
 *(.dynstr)

.gnu.version
 *(.gnu.version)

.gnu.version_d
 *(.gnu.version_d)

.gnu.version_r
 *(.gnu.version_r)

.rel.init
 *(.rel.init)

.rela.init
 *(.rela.init)

.rel.text
 *(.rel.text)
 *(.rel.text.*)
 *(.rel.gnu.linkonce.t*)

.rela.text
 *(.rela.text)
 *(.rela.text.*)
 *(.rela.gnu.linkonce.t*)

.rel.fini
 *(.rel.fini)

.rela.fini
 *(.rela.fini)

.rel.rodata
 *(.rel.rodata)
 *(.rel.rodata.*)
 *(.rel.gnu.linkonce.r*)

.rela.rodata
 *(.rela.rodata)
 *(.rela.rodata.*)
 *(.rela.gnu.linkonce.r*)

.rel.data
 *(.rel.data)
 *(.rel.data.*)
 *(.rel.gnu.linkonce.d*)

.rela.data
 *(.rela.data)
 *(.rela.data.*)
 *(.rela.gnu.linkonce.d*)

.rel.ctors
 *(.rel.ctors)

.rela.ctors
 *(.rela.ctors)

.rel.dtors
 *(.rel.dtors)

.rela.dtors
 *(.rela.dtors)

.rel.got
 *(.rel.got)

.rela.got
 *(.rela.got)

.rel.bss
 *(.rel.bss)

.rela.bss
 *(.rela.bss)

.rel.plt
 *(.rel.plt)

.rela.plt
 *(.rela.plt)

.text           0x00000000     0x52ba
 *(.vectors)
 .vectors       0x00000000       0x68 c:/users/rik/.platformio/packages/toolchain-atmelavr/bin/../lib/gcc/avr/5.4.0/../../../../avr/lib/avr5/crtatmega328p.o
                0x00000000                __vector_default
                0x00000000                __vectors
 *(.vectors)
 *(.progmem.gcc*)
                0x00000068                . = ALIGN (0x2)
                0x00000068                __trampolines_start = .
 *(.trampolines)
 .trampolines   0x00000068        0x0 linker stubs
 *(.trampolines*)
                0x00000068                __trampolines_end = .
 *libprintf_flt.a:*(.progmem.data)
 *libc.a:*(.progmem.data)
 .progmem.data  0x00000068       0xfa c:/users/rik/.platformio/packages/toolchain-atmelavr/bin/../lib/gcc/avr/5.4.0/../../../../avr/lib/avr5\libc.a(ftoa_engine.o)
 *(.progmem*)
 .progmem.data  0x00000162      0x2f2 C:\Users\Rik\AppData\Local\Temp\ccw3CAOt.ltrans0.ltrans.o
 .progmem.data  0x00000454       0xc9 C:\Users\Rik\AppData\Local\Temp\ccw3CAOt.ltrans1.ltrans.o
                0x00000454                port_to_mode_PGM
                0x00000472                digital_pin_to_port_PGM
                0x00000486                digital_pin_to_bit_mask_PGM
                0x0000049a                digital_pin_to_timer_PGM
                0x000004d5                configPar
 .progmem.data  0x0000051d      0x183 C:\Users\Rik\AppData\Local\Temp\ccw3CAOt.ltrans3.ltrans.o
 .progmem.data  0x000006a0       0x10 C:\Users\Rik\AppData\Local\Temp\ccw3CAOt.ltrans4.ltrans.o
 .progmem.data  0x000006b0       0x1d C:\Users\Rik\AppData\Local\Temp\ccw3CAOt.ltrans5.ltrans.o
 .progmem.data  0x000006cd      0x116 C:\Users\Rik\AppData\Local\Temp\ccw3CAOt.ltrans6.ltrans.o
                0x00000762                _ZZ23transportHALSanityCheckvE3__c.lto_priv.96
                0x000007e4                . = ALIGN (0x2)
 *fill*         0x000007e3        0x1 
 *(.jumptables)
 *(.jumptables*)
 *(.lowtext)
 *(.lowtext*)
                0x000007e4                __ctors_start = .
 *(.ctors)
 .ctors         0x000007e4        0x2 C:\Users\Rik\AppData\Local\Temp\ccw3CAOt.ltrans1.ltrans.o
                0x000007e6                __ctors_end = .
                0x000007e6                __dtors_start = .
 *(.dtors)
                0x000007e6                __dtors_end = .
 SORT(*)(.ctors)
 SORT(*)(.dtors)
 *(.init0)
 .init0         0x000007e6        0x0 c:/users/rik/.platformio/packages/toolchain-atmelavr/bin/../lib/gcc/avr/5.4.0/../../../../avr/lib/avr5/crtatmega328p.o
                0x000007e6                __init
 *(.init0)
 *(.init1)
 *(.init1)
 *(.init2)
 .init2         0x000007e6        0xc c:/users/rik/.platformio/packages/toolchain-atmelavr/bin/../lib/gcc/avr/5.4.0/../../../../avr/lib/avr5/crtatmega328p.o
 *(.init2)
 *(.init3)
 *(.init3)
 *(.init4)
 .init4         0x000007f2       0x16 c:/users/rik/.platformio/packages/toolchain-atmelavr/bin/../lib/gcc/avr/5.4.0/avr5\libgcc.a(_copy_data.o)
                0x000007f2                __do_copy_data
 .init4         0x00000808       0x10 c:/users/rik/.platformio/packages/toolchain-atmelavr/bin/../lib/gcc/avr/5.4.0/avr5\libgcc.a(_clear_bss.o)
                0x00000808                __do_clear_bss
 *(.init4)
 *(.init5)
 *(.init5)
 *(.init6)
 .init6         0x00000818       0x16 c:/users/rik/.platformio/packages/toolchain-atmelavr/bin/../lib/gcc/avr/5.4.0/avr5\libgcc.a(_ctors.o)
                0x00000818                __do_global_ctors
 *(.init6)
 *(.init7)
 *(.init7)
 *(.init8)
 *(.init8)
 *(.init9)
 .init9         0x0000082e        0x8 c:/users/rik/.platformio/packages/toolchain-atmelavr/bin/../lib/gcc/avr/5.4.0/../../../../avr/lib/avr5/crtatmega328p.o
 *(.init9)
 *(.text)
 .text          0x00000836        0x4 c:/users/rik/.platformio/packages/toolchain-atmelavr/bin/../lib/gcc/avr/5.4.0/../../../../avr/lib/avr5/crtatmega328p.o
                0x00000836                __vector_22
                0x00000836                __vector_24
                0x00000836                __vector_12
                0x00000836                __bad_interrupt
                0x00000836                __vector_3
                0x00000836                __vector_23
                0x00000836                __vector_25
                0x00000836                __vector_11
                0x00000836                __vector_13
                0x00000836                __vector_17
                0x00000836                __vector_7
                0x00000836                __vector_5
                0x00000836                __vector_4
                0x00000836                __vector_9
                0x00000836                __vector_21
                0x00000836                __vector_15
                0x00000836                __vector_8
                0x00000836                __vector_14
                0x00000836                __vector_10
                0x00000836                __vector_20
 .text          0x0000083a      0xc20 C:\Users\Rik\AppData\Local\Temp\ccw3CAOt.ltrans0.ltrans.o
                0x000008c0                _Z21transportRouteMessageR9MyMessage
                0x00000b66                _Z18transportSendRouteR9MyMessage
                0x00000b84                _Z17transportUpdateSMv
                0x00000b9a                _Z20transportTimeInStatev
                0x00000bc0                _Z20transportProcessFIFOv
 .text          0x0000145a      0xd30 C:\Users\Rik\AppData\Local\Temp\ccw3CAOt.ltrans1.ltrans.o
                0x0000154c                _Z17Serial0_availablev
                0x00001588                _ZN5Print7printlnEv.constprop.85
                0x00001590                _ZN5Print11printNumberEmh.constprop.84
                0x00001612                _ZN5Print5printEji.constprop.81
                0x0000162c                _ZN5Print7printlnEji.constprop.80
                0x00001644                _ZN5Print5printEPKc.constprop.79
                0x00001648                _ZN17ParametersManager3setEhj.constprop.77
                0x0000171c                _ZN5Print7printlnEii.constprop.70
                0x0000177c                _ZN5Print7printlnEhi.constprop.68
                0x0000179e                _ZN17ParametersManager4saveEv.constprop.67
                0x000017f2                _ZN5Print7printlnEPKc.constprop.65
                0x0000180a                _ZNK9MyMessage9getStringEPc.constprop.52
                0x00001942                _ZL5buildR9MyMessagehh19mysensors_command_thb.constprop.47
                0x00001960                _Z4sendR9MyMessageb.constprop.45
                0x00001992                _ZNK9MyMessage7getByteEv.constprop.32
                0x000019b8                _Z7presenth18mysensors_sensor_tPKcb.constprop.23
                0x000019e6                _ZN5Print10printFloatEdh.constprop.11
                0x00001b8a                digitalRead
                0x00001bdc                digitalWrite
                0x00001c3a                pinMode
                0x00001cb2                delay
                0x00001d26                millis
                0x00001d3e                _ZN3DHT10readSensorEv.constprop.59
                0x00001f70                _Z4waitm19mysensors_command_th.constprop.20
                0x0000200e                __vector_16
                0x000020a2                __vector_2
                0x000020f0                __vector_1
                0x0000213e                __vector_19
 .text          0x0000218a      0xa28 C:\Users\Rik\AppData\Local\Temp\ccw3CAOt.ltrans2.ltrans.o
                0x0000218a                loop
                0x00002b42                _Z11presentNodev
 .text          0x00002bb2      0x7ea C:\Users\Rik\AppData\Local\Temp\ccw3CAOt.ltrans3.ltrans.o
                0x00002bc0                _Z17transportSwitchSMR16transportState_t
                0x00002c20                _ZL25RF24_spiMultiByteTransferhPhhb.lto_priv.99
                0x00002c94                _ZL26RF24_RAW_writeByteRegisterhh.lto_priv.100
                0x00002cb6                _ZL19RF24_startListeningv.lto_priv.102
                0x00002cd0                _ZL25RF24_RAW_readByteRegisterh.lto_priv.97
                0x00002cdc                _ZL16RF24_sanityCheckv.lto_priv.92
                0x00002cf8                _ZL20RF24_spiByteTransferh.lto_priv.101
                0x00002d04                _ZL14hwDebugBuf2StrPKhj.lto_priv.98
                0x00002d82                _Z12hwDebugPrintPKcz
                0x00002dfc                _Z15stFailureUpdatev
                0x00002e4c                _Z19stFailureTransitionv
                0x00003114                _Z12stInitUpdatev
                0x00003338                _Z16stInitTransitionv
                0x00003388                __vector_6
 .text          0x0000339c      0x5b8 C:\Users\Rik\AppData\Local\Temp\ccw3CAOt.ltrans4.ltrans.o
                0x0000339c                _ZN5Print5flushEv
                0x0000339e                _ZN5Print17availableForWriteEv
                0x000033a4                _ZN14HardwareSerial17availableForWriteEv
                0x000033c2                _ZN14HardwareSerial4readEv
                0x000033ea                _ZN14HardwareSerial4peekEv
                0x00003406                _ZN14HardwareSerial9availableEv
                0x0000341e                _Z14serialEventRunv
                0x00003432                _Z17paramStatusReporth
                0x000034ae                _Z17requestParametersh
                0x000034bc                _Z14request_valuesh
                0x00003506                __vector_18
                0x0000356a                _ZN14HardwareSerial17_tx_udr_empty_irqEv
                0x000035ae                _ZN14HardwareSerial5writeEh
                0x00003648                _ZN14HardwareSerial5flushEv
                0x0000368c                _ZN11DimmerClass8setLevelEh
                0x000036e8                _Z6resendR9MyMessagei
 .text          0x00003954      0x3a0 C:\Users\Rik\AppData\Local\Temp\ccw3CAOt.ltrans5.ltrans.o
                0x00003954                setup
                0x00003bc0                _Z8_processv
                0x00003c00                _ZN9MyMessage3setEh
                0x00003c18                _Z23_callbackTransportReadyv
                0x00003c76                _ZNK9MyMessage9getLengthEv
                0x00003c88                _ZN9MyMessage3setEPKc
                0x00003cf4                . = ALIGN (0x2)
 *(.text.*)
 .text.startup  0x00003cf4      0x120 C:\Users\Rik\AppData\Local\Temp\ccw3CAOt.ltrans1.ltrans.o
 .text.startup  0x00003e14       0x2a C:\Users\Rik\AppData\Local\Temp\ccw3CAOt.ltrans5.ltrans.o
                0x00003e14                _ZN9MyMessage5clearEv
 .text.startup  0x00003e3e      0x292 C:\Users\Rik\AppData\Local\Temp\ccw3CAOt.ltrans6.ltrans.o
                0x00003e3e                main
 .text.avr-libc
                0x000040d0       0x40 c:/users/rik/.platformio/packages/toolchain-atmelavr/bin/../lib/gcc/avr/5.4.0/../../../../avr/lib/avr5\libc.a(dtostrf.o)
                0x000040d0                dtostrf
 .text.avr-libc
                0x00004110       0x3c c:/users/rik/.platformio/packages/toolchain-atmelavr/bin/../lib/gcc/avr/5.4.0/../../../../avr/lib/avr5\libc.a(atoi.o)
                0x00004110                atoi
 .text.avr-libc
                0x0000414c       0x4e c:/users/rik/.platformio/packages/toolchain-atmelavr/bin/../lib/gcc/avr/5.4.0/../../../../avr/lib/avr5\libc.a(atol.o)
                0x0000414c                atol
 .text.avr-libc
                0x0000419a       0x12 c:/users/rik/.platformio/packages/toolchain-atmelavr/bin/../lib/gcc/avr/5.4.0/../../../../avr/lib/avr5\libc.a(memcpy_P.o)
                0x0000419a                memcpy_P
 .text.avr-libc
                0x000041ac       0x16 c:/users/rik/.platformio/packages/toolchain-atmelavr/bin/../lib/gcc/avr/5.4.0/../../../../avr/lib/avr5\libc.a(itoa_ncheck.o)
                0x000041ac                __itoa_ncheck
 .text.avr-libc
                0x000041c2       0x1e c:/users/rik/.platformio/packages/toolchain-atmelavr/bin/../lib/gcc/avr/5.4.0/../../../../avr/lib/avr5\libc.a(ltoa_ncheck.o)
                0x000041c2                __ltoa_ncheck
 .text.avr-libc
                0x000041e0       0x2a c:/users/rik/.platformio/packages/toolchain-atmelavr/bin/../lib/gcc/avr/5.4.0/../../../../avr/lib/avr5\libc.a(mulsi10.o)
                0x000041e0                __mulsi_const_10
 .text.avr-libc
                0x0000420a       0x10 c:/users/rik/.platformio/packages/toolchain-atmelavr/bin/../lib/gcc/avr/5.4.0/../../../../avr/lib/avr5\libc.a(mul10.o)
                0x0000420a                __mulhi_const_10
 .text.avr-libc
                0x0000421a       0x44 c:/users/rik/.platformio/packages/toolchain-atmelavr/bin/../lib/gcc/avr/5.4.0/../../../../avr/lib/avr5\libc.a(ultoa_ncheck.o)
                0x0000421a                __ultoa_ncheck
                0x0000421c                __ultoa_common
 .text.avr-libc
                0x0000425e       0x34 c:/users/rik/.platformio/packages/toolchain-atmelavr/bin/../lib/gcc/avr/5.4.0/../../../../avr/lib/avr5\libc.a(utoa_ncheck.o)
                0x0000425e                __utoa_ncheck
                0x00004260                __utoa_common
 .text.avr-libc
                0x00004292       0x58 c:/users/rik/.platformio/packages/toolchain-atmelavr/bin/../lib/gcc/avr/5.4.0/../../../../avr/lib/avr5\libc.a(vsnprintf_p.o)
                0x00004292                vsnprintf_P
 .text.avr-libc
                0x000042ea      0x3c2 c:/users/rik/.platformio/packages/toolchain-atmelavr/bin/../lib/gcc/avr/5.4.0/../../../../avr/lib/avr5\libc.a(vfprintf_std.o)
                0x000042ea                vfprintf
 .text.avr-libc
                0x000046ac      0x2b4 c:/users/rik/.platformio/packages/toolchain-atmelavr/bin/../lib/gcc/avr/5.4.0/../../../../avr/lib/avr5\libc.a(dtoa_prf.o)
                0x000046ac                dtoa_prf
 .text.avr-libc
                0x00004960      0x1b0 c:/users/rik/.platformio/packages/toolchain-atmelavr/bin/../lib/gcc/avr/5.4.0/../../../../avr/lib/avr5\libc.a(ftoa_engine.o)
                0x00004960                __ftoa_engine
 .text.avr-libc
                0x00004b10       0x16 c:/users/rik/.platformio/packages/toolchain-atmelavr/bin/../lib/gcc/avr/5.4.0/../../../../avr/lib/avr5\libc.a(strnlen_P.o)
                0x00004b10                strnlen_P
 .text.avr-libc
                0x00004b26       0x16 c:/users/rik/.platformio/packages/toolchain-atmelavr/bin/../lib/gcc/avr/5.4.0/../../../../avr/lib/avr5\libc.a(strnlen.o)
                0x00004b26                strnlen
 .text.avr-libc
                0x00004b3c       0x20 c:/users/rik/.platformio/packages/toolchain-atmelavr/bin/../lib/gcc/avr/5.4.0/../../../../avr/lib/avr5\libc.a(strrev.o)
                0x00004b3c                strrev
 .text.avr-libc
                0x00004b5c       0x78 c:/users/rik/.platformio/packages/toolchain-atmelavr/bin/../lib/gcc/avr/5.4.0/../../../../avr/lib/avr5\libc.a(fputc.o)
                0x00004b5c                fputc
 .text.avr-libc
                0x00004bd4       0xbc c:/users/rik/.platformio/packages/toolchain-atmelavr/bin/../lib/gcc/avr/5.4.0/../../../../avr/lib/avr5\libc.a(ultoa_invert.o)
                0x00004bd4                __ultoa_invert
 .text.avr-libc.fplib
                0x00004c90        0xa c:/users/rik/.platformio/packages/toolchain-atmelavr/bin/../lib/gcc/avr/5.4.0/../../../../avr/lib/avr5\libc.a(cmpsf2.o)
                0x00004c90                __nesf2
                0x00004c90                __eqsf2
                0x00004c90                __cmpsf2
                0x00004c90                __ltsf2
                0x00004c90                __lesf2
 .text.avr-libc.fplib
                0x00004c9a       0x7a c:/users/rik/.platformio/packages/toolchain-atmelavr/bin/../lib/gcc/avr/5.4.0/../../../../avr/lib/avr5\libc.a(floatsisf.o)
                0x00004c9a                __floatunsisf
                0x00004c9e                __floatsisf
 .text.avr-libc.fplib
                0x00004d14       0x48 c:/users/rik/.platformio/packages/toolchain-atmelavr/bin/../lib/gcc/avr/5.4.0/../../../../avr/lib/avr5\libc.a(fp_cmp.o)
                0x00004d14                __fp_cmp
 .text.avr-libc.fplib
                0x00004d5c        0x8 c:/users/rik/.platformio/packages/toolchain-atmelavr/bin/../lib/gcc/avr/5.4.0/../../../../avr/lib/avr5\libc.a(mulsf3.o)
                0x00004d5c                __mulsf3
 .text.avr-libc.fplib
                0x00004d64       0xd2 c:/users/rik/.platformio/packages/toolchain-atmelavr/bin/../lib/gcc/avr/5.4.0/../../../../avr/lib/avr5\libc.a(mulsf3x.o)
                0x00004d82                __mulsf3x
                0x00004d88                __mulsf3_pse
 .text.avr-libc.fplib
                0x00004e36        0xc c:/users/rik/.platformio/packages/toolchain-atmelavr/bin/../lib/gcc/avr/5.4.0/../../../../avr/lib/avr5\libc.a(fp_inf.o)
                0x00004e36                __fp_inf
 .text.avr-libc.fplib
                0x00004e42        0x6 c:/users/rik/.platformio/packages/toolchain-atmelavr/bin/../lib/gcc/avr/5.4.0/../../../../avr/lib/avr5\libc.a(fp_nan.o)
                0x00004e42                __fp_nan
 .text.avr-libc.fplib
                0x00004e48        0xe c:/users/rik/.platformio/packages/toolchain-atmelavr/bin/../lib/gcc/avr/5.4.0/../../../../avr/lib/avr5\libc.a(fp_pscA.o)
                0x00004e48                __fp_pscA
 .text.avr-libc.fplib
                0x00004e56        0xe c:/users/rik/.platformio/packages/toolchain-atmelavr/bin/../lib/gcc/avr/5.4.0/../../../../avr/lib/avr5\libc.a(fp_pscB.o)
                0x00004e56                __fp_pscB
 .text.avr-libc.fplib
                0x00004e64       0x22 c:/users/rik/.platformio/packages/toolchain-atmelavr/bin/../lib/gcc/avr/5.4.0/../../../../avr/lib/avr5\libc.a(fp_round.o)
                0x00004e64                __fp_round
 .text.avr-libc.fplib
                0x00004e86       0x44 c:/users/rik/.platformio/packages/toolchain-atmelavr/bin/../lib/gcc/avr/5.4.0/../../../../avr/lib/avr5\libc.a(fp_split3.o)
                0x00004e86                __fp_split3
                0x00004e96                __fp_splitA
 .text.avr-libc.fplib
                0x00004eca        0xe c:/users/rik/.platformio/packages/toolchain-atmelavr/bin/../lib/gcc/avr/5.4.0/../../../../avr/lib/avr5\libc.a(fp_zero.o)
                0x00004eca                __fp_zero
                0x00004ecc                __fp_szero
 .text.avr-libc
                0x00004ed8       0x20 c:/users/rik/.platformio/packages/toolchain-atmelavr/bin/../lib/gcc/avr/5.4.0/../../../../avr/lib/avr5\libatmega328p.a(eerd_block.o)
                0x00004ed8                eeprom_read_block
                0x00004edc                eeprom_read_blraw
 .text.avr-libc
                0x00004ef8       0x10 c:/users/rik/.platformio/packages/toolchain-atmelavr/bin/../lib/gcc/avr/5.4.0/../../../../avr/lib/avr5\libatmega328p.a(eerd_byte.o)
                0x00004ef8                eeprom_read_byte
 .text.avr-libc
                0x00004f08       0x20 c:/users/rik/.platformio/packages/toolchain-atmelavr/bin/../lib/gcc/avr/5.4.0/../../../../avr/lib/avr5\libatmega328p.a(eeupd_block.o)
                0x00004f08                eeprom_update_block
 .text.avr-libc
                0x00004f28       0x24 c:/users/rik/.platformio/packages/toolchain-atmelavr/bin/../lib/gcc/avr/5.4.0/../../../../avr/lib/avr5\libatmega328p.a(eeupd_byte.o)
                0x00004f28                eeprom_update_byte
                0x00004f2a                eeprom_update_r18
 .text.libgcc.prologue
                0x00004f4c       0x38 c:/users/rik/.platformio/packages/toolchain-atmelavr/bin/../lib/gcc/avr/5.4.0/avr5\libgcc.a(_prologue.o)
                0x00004f4c                __prologue_saves__
 .text.libgcc.prologue
                0x00004f84       0x36 c:/users/rik/.platformio/packages/toolchain-atmelavr/bin/../lib/gcc/avr/5.4.0/avr5\libgcc.a(_epilogue.o)
                0x00004f84                __epilogue_restores__
 .text.libgcc.mul
                0x00004fba       0x1e c:/users/rik/.platformio/packages/toolchain-atmelavr/bin/../lib/gcc/avr/5.4.0/avr5\libgcc.a(_umulhisi3.o)
                0x00004fba                __umulhisi3
 .text.libgcc.div
                0x00004fd8       0x28 c:/users/rik/.platformio/packages/toolchain-atmelavr/bin/../lib/gcc/avr/5.4.0/avr5\libgcc.a(_udivmodhi4.o)
                0x00004fd8                __udivmodhi4
 .text.libgcc.div
                0x00005000       0x44 c:/users/rik/.platformio/packages/toolchain-atmelavr/bin/../lib/gcc/avr/5.4.0/avr5\libgcc.a(_udivmodsi4.o)
                0x00005000                __udivmodsi4
 .text.libgcc   0x00005044        0xc c:/users/rik/.platformio/packages/toolchain-atmelavr/bin/../lib/gcc/avr/5.4.0/avr5\libgcc.a(_tablejump2.o)
                0x00005044                __tablejump2__
 .text.avr-libc.fplib
                0x00005050        0xe c:/users/rik/.platformio/packages/toolchain-atmelavr/bin/../lib/gcc/avr/5.4.0/../../../../avr/lib/avr5\libm.a(addsf3.o)
                0x00005050                __subsf3
                0x00005052                __addsf3
 .text.avr-libc.fplib
                0x0000505e       0xcc c:/users/rik/.platformio/packages/toolchain-atmelavr/bin/../lib/gcc/avr/5.4.0/../../../../avr/lib/avr5\libm.a(addsf3x.o)
                0x00005080                __addsf3x
 .text.avr-libc.fplib
                0x0000512a        0x8 c:/users/rik/.platformio/packages/toolchain-atmelavr/bin/../lib/gcc/avr/5.4.0/../../../../avr/lib/avr5\libm.a(divsf3.o)
                0x0000512a                __divsf3
 .text.avr-libc.fplib
                0x00005132       0xdc c:/users/rik/.platformio/packages/toolchain-atmelavr/bin/../lib/gcc/avr/5.4.0/../../../../avr/lib/avr5\libm.a(divsf3x.o)
                0x00005152                __divsf3x
                0x00005158                __divsf3_pse
 .text.avr-libc.fplib
                0x0000520e        0xe c:/users/rik/.platformio/packages/toolchain-atmelavr/bin/../lib/gcc/avr/5.4.0/../../../../avr/lib/avr5\libm.a(fixsfsi.o)
                0x0000520e                __fixsfsi
 .text.avr-libc.fplib
                0x0000521c       0x5e c:/users/rik/.platformio/packages/toolchain-atmelavr/bin/../lib/gcc/avr/5.4.0/../../../../avr/lib/avr5\libm.a(fixunssfsi.o)
                0x0000521c                __fixunssfsi
 .text.avr-libc.fplib
                0x0000527a        0xa c:/users/rik/.platformio/packages/toolchain-atmelavr/bin/../lib/gcc/avr/5.4.0/../../../../avr/lib/avr5\libm.a(gesf2.o)
                0x0000527a                __gesf2
                0x0000527a                __gtsf2
 .text.avr-libc.fplib
                0x00005284        0xa c:/users/rik/.platformio/packages/toolchain-atmelavr/bin/../lib/gcc/avr/5.4.0/../../../../avr/lib/avr5\libm.a(unordsf2.o)
                0x00005284                __unordsf2
 .text.avr-libc
                0x0000528e        0xa c:/users/rik/.platformio/packages/toolchain-atmelavr/bin/../lib/gcc/avr/5.4.0/../../../../avr/lib/avr5\libc.a(abort.o)
                0x0000528e                abort
 .text.avr-libc
                0x00005298       0x1e c:/users/rik/.platformio/packages/toolchain-atmelavr/bin/../lib/gcc/avr/5.4.0/../../../../avr/lib/avr5\libc.a(strncpy.o)
                0x00005298                strncpy
                0x000052b6                . = ALIGN (0x2)
 *(.fini9)
 .fini9         0x000052b6        0x0 c:/users/rik/.platformio/packages/toolchain-atmelavr/bin/../lib/gcc/avr/5.4.0/avr5\libgcc.a(_exit.o)
                0x000052b6                _exit
                0x000052b6                exit
 *(.fini9)
 *(.fini8)
 *(.fini8)
 *(.fini7)
 *(.fini7)
 *(.fini6)
 *(.fini6)
 *(.fini5)
 *(.fini5)
 *(.fini4)
 *(.fini4)
 *(.fini3)
 *(.fini3)
 *(.fini2)
 *(.fini2)
 *(.fini1)
 *(.fini1)
 *(.fini0)
 .fini0         0x000052b6        0x4 c:/users/rik/.platformio/packages/toolchain-atmelavr/bin/../lib/gcc/avr/5.4.0/avr5\libgcc.a(_exit.o)
 *(.fini0)
                0x000052ba                _etext = .

.data           0x00800100      0x38a load address 0x000052ba
                0x00800100                PROVIDE (__data_start, .)
 *(.data)
 .data          0x00800100        0x4 C:\Users\Rik\AppData\Local\Temp\ccw3CAOt.ltrans0.ltrans.o
                0x00800100                _ZL9stFailure.lto_priv.104
 .data          0x00800104        0x4 C:\Users\Rik\AppData\Local\Temp\ccw3CAOt.ltrans1.ltrans.o
 .data          0x00800108       0x19 C:\Users\Rik\AppData\Local\Temp\ccw3CAOt.ltrans3.ltrans.o
 .data          0x00800121        0x4 C:\Users\Rik\AppData\Local\Temp\ccw3CAOt.ltrans6.ltrans.o
                0x00800121                _ZL6stInit.lto_priv.103
 *(.data*)
 *(.gnu.linkonce.d*)
 *(.rodata)
 .rodata        0x00800125       0x12 C:\Users\Rik\AppData\Local\Temp\ccw3CAOt.ltrans1.ltrans.o
 .rodata        0x00800137       0x65 C:\Users\Rik\AppData\Local\Temp\ccw3CAOt.ltrans2.ltrans.o
 *(.rodata*)
 .rodata.str1.1
                0x0080019c       0x1f C:\Users\Rik\AppData\Local\Temp\ccw3CAOt.ltrans0.ltrans.o
                                 0x20 (size before relaxing)
 .rodata.str1.1
                0x008001bb       0x5a C:\Users\Rik\AppData\Local\Temp\ccw3CAOt.ltrans1.ltrans.o
                                 0x5b (size before relaxing)
 .rodata.str1.1
                0x00800215      0x1e8 C:\Users\Rik\AppData\Local\Temp\ccw3CAOt.ltrans2.ltrans.o
                                0x1eb (size before relaxing)
 .rodata.str1.1
                0x008003fd      0x1e8 C:\Users\Rik\AppData\Local\Temp\ccw3CAOt.ltrans3.ltrans.o
                                  0x3 (size before relaxing)
 .rodata.str1.1
                0x008003fd       0x41 C:\Users\Rik\AppData\Local\Temp\ccw3CAOt.ltrans4.ltrans.o
                                 0x42 (size before relaxing)
 .rodata.str1.1
                0x0080043e       0x4b C:\Users\Rik\AppData\Local\Temp\ccw3CAOt.ltrans5.ltrans.o
                                 0x53 (size before relaxing)
 *(.gnu.linkonce.r*)
                0x008005e6                . = ALIGN (0x2)
 *fill*         0x00800489        0x1 
                0x0080048a                _edata = .
                0x0080048a                PROVIDE (__data_end, .)

.bss            0x0080048a      0x31b
                0x0080048a                PROVIDE (__bss_start, .)
 *(.bss)
 .bss           0x0080048a       0x45 C:\Users\Rik\AppData\Local\Temp\ccw3CAOt.ltrans0.ltrans.o
                0x0080048a                _ZL15hwDebugPrintStr.lto_priv.106
                0x008004cb                _ZL16_lastSanityCheck.lto_priv.105
 .bss           0x008004cf      0x273 C:\Users\Rik\AppData\Local\Temp\ccw3CAOt.ltrans1.ltrans.o
                0x008004cf                configValues
                0x008004e1                _ZL8waitLock.lto_priv.90
                0x008004e2                _ZL11_coreConfig.lto_priv.91
                0x008004e4                _ZL16_transportConfig.lto_priv.94
                0x008004e8                _convBuf
                0x0080051b                dht
                0x0080052c                Serial
                0x008005c9                msgConnectionFail
                0x008005ea                msgConnectionQual
                0x0080060b                msgLight
                0x0080062c                msgMot
                0x0080064d                msgTemp
                0x0080066e                msgHum
                0x0080068f                msgGetSettings
                0x008006b0                parameters
                0x008006c4                controller
                0x008006d6                _msgTmp
                0x008006f7                _msg
 .bss           0x00800742       0x1d C:\Users\Rik\AppData\Local\Temp\ccw3CAOt.ltrans2.ltrans.o
 .bss           0x0080075f        0x1 C:\Users\Rik\AppData\Local\Temp\ccw3CAOt.ltrans3.ltrans.o
 .bss           0x00800760       0x34 C:\Users\Rik\AppData\Local\Temp\ccw3CAOt.ltrans4.ltrans.o
                0x00800760                dimmer
                0x00800780                sendQuality
                0x00800781                qualFail
                0x00800785                qual
                0x00800789                _ZL10totalSends.lto_priv.93
 .bss           0x00800794        0x2 C:\Users\Rik\AppData\Local\Temp\ccw3CAOt.ltrans5.ltrans.o
 .bss           0x00800796        0xf C:\Users\Rik\AppData\Local\Temp\ccw3CAOt.ltrans6.ltrans.o
                0x00800796                _ZL12_transportSM.lto_priv.95
                0x008007a3                _transportReady_cb
 *(.bss*)
 *(COMMON)
                0x008007a5                PROVIDE (__bss_end, .)
                0x000052ba                __data_load_start = LOADADDR (.data)
                0x00005644                __data_load_end = (__data_load_start + SIZEOF (.data))

.noinit         0x008007a5        0x0
                [!provide]                PROVIDE (__noinit_start, .)
 *(.noinit*)
                [!provide]                PROVIDE (__noinit_end, .)
                0x008007a5                _end = .
                0x008007a5                PROVIDE (__heap_start, .)

.eeprom         0x00810000        0x0
 *(.eeprom*)
                0x00810000                __eeprom_end = .

.fuse
 *(.fuse)
 *(.lfuse)
 *(.hfuse)
 *(.efuse)

.lock
 *(.lock*)

.signature
 *(.signature*)

.user_signatures
 *(.user_signatures*)

.stab
 *(.stab)

.stabstr
 *(.stabstr)

.stab.excl
 *(.stab.excl)

.stab.exclstr
 *(.stab.exclstr)

.stab.index
 *(.stab.index)

.stab.indexstr
 *(.stab.indexstr)

.comment        0x00000000       0x5c
 *(.comment)
 .comment       0x00000000       0x31 C:\Users\Rik\AppData\Local\Temp\ccw3CAOt.ltrans0.ltrans.o
 .comment       0x00000000       0x31 C:\Users\Rik\AppData\Local\Temp\ccw3CAOt.ltrans1.ltrans.o
 .comment       0x00000000       0x31 C:\Users\Rik\AppData\Local\Temp\ccw3CAOt.ltrans2.ltrans.o
 .comment       0x00000000       0x31 C:\Users\Rik\AppData\Local\Temp\ccw3CAOt.ltrans3.ltrans.o
 .comment       0x00000000       0x31 C:\Users\Rik\AppData\Local\Temp\ccw3CAOt.ltrans4.ltrans.o
 .comment       0x00000000       0x31 C:\Users\Rik\AppData\Local\Temp\ccw3CAOt.ltrans5.ltrans.o
 .comment       0x00000000       0x31 C:\Users\Rik\AppData\Local\Temp\ccw3CAOt.ltrans6.ltrans.o
 .comment       0x00000000       0x30 c:/users/rik/.platformio/packages/toolchain-atmelavr/bin/../lib/gcc/avr/5.4.0/../../../../avr/lib/avr5\libc.a(dtostrf.o)
                                 0x31 (size before relaxing)
 .comment       0x00000030       0x31 c:/users/rik/.platformio/packages/toolchain-atmelavr/bin/../lib/gcc/avr/5.4.0/../../../../avr/lib/avr5\libc.a(vsnprintf_p.o)
 .comment       0x00000030       0x2c c:/users/rik/.platformio/packages/toolchain-atmelavr/bin/../lib/gcc/avr/5.4.0/../../../../avr/lib/avr5\libc.a(vfprintf_std.o)
                                 0x2d (size before relaxing)
 .comment       0x0000005c       0x31 c:/users/rik/.platformio/packages/toolchain-atmelavr/bin/../lib/gcc/avr/5.4.0/../../../../avr/lib/avr5\libc.a(dtoa_prf.o)
 .comment       0x0000005c       0x31 c:/users/rik/.platformio/packages/toolchain-atmelavr/bin/../lib/gcc/avr/5.4.0/../../../../avr/lib/avr5\libc.a(fputc.o)

.note.gnu.avr.deviceinfo
                0x00000000       0x40
 .note.gnu.avr.deviceinfo
                0x00000000       0x40 c:/users/rik/.platformio/packages/toolchain-atmelavr/bin/../lib/gcc/avr/5.4.0/../../../../avr/lib/avr5/crtatmega328p.o

.note.gnu.build-id
 *(.note.gnu.build-id)

.debug
 *(.debug)

.line
 *(.line)

.debug_srcinfo
 *(.debug_srcinfo)

.debug_sfnames
 *(.debug_sfnames)

.debug_aranges
 *(.debug_aranges)

.debug_pubnames
 *(.debug_pubnames)

.debug_info     0x00000000      0x5f4
 *(.debug_info .gnu.linkonce.wi.*)
 .debug_info    0x00000000      0x5f4 c:/users/rik/.platformio/packages/toolchain-atmelavr/bin/../lib/gcc/avr/5.4.0/../../../../avr/lib/avr5/crtatmega328p.o

.debug_abbrev   0x00000000      0x5a2
 *(.debug_abbrev)
 .debug_abbrev  0x00000000      0x5a2 c:/users/rik/.platformio/packages/toolchain-atmelavr/bin/../lib/gcc/avr/5.4.0/../../../../avr/lib/avr5/crtatmega328p.o

.debug_line     0x00000000       0x1a
 *(.debug_line .debug_line.* .debug_line_end)
 .debug_line    0x00000000       0x1a c:/users/rik/.platformio/packages/toolchain-atmelavr/bin/../lib/gcc/avr/5.4.0/../../../../avr/lib/avr5/crtatmega328p.o

.debug_frame
 *(.debug_frame)

.debug_str      0x00000000      0x208
 *(.debug_str)
 .debug_str     0x00000000      0x208 c:/users/rik/.platformio/packages/toolchain-atmelavr/bin/../lib/gcc/avr/5.4.0/../../../../avr/lib/avr5/crtatmega328p.o

.debug_loc
 *(.debug_loc)

.debug_macinfo
 *(.debug_macinfo)

.debug_weaknames
 *(.debug_weaknames)

.debug_funcnames
 *(.debug_funcnames)

.debug_typenames
 *(.debug_typenames)

.debug_varnames
 *(.debug_varnames)

.debug_pubtypes
 *(.debug_pubtypes)

.debug_ranges
 *(.debug_ranges)

.debug_macro
 *(.debug_macro)
OUTPUT(.pio\build\pro1MHzatmega328\firmware.elf elf32-avr)
LOAD linker stubs
